Starting filtering
    Filtered /usr/local/src/M2seq/test/manifest_test/output/2_ShapeMapper/P4P6-noHP/RTB008_S1_L001_R1_001.fastq and wrote output to /usr/local/src/M2seq/test/manifest_test/output/2_ShapeMapper/P4P6-noHP/output/trimmed_reads/RTB008_S1_L001_R1_001.fastq
Filtering complete
