Pipeline started in /usr/local/src/M2seq/test/manifest_test/output/2_ShapeMapper/P4P6-noHP at 10:41:1, 10/3

Starting config file parsing at at 10:41:1, 10/3
Config file successfully parsed at at 10:41:1, 10/3

Starting reference index building at at 10:41:1, 10/3
Replaced title line in fasta file /usr/local/src/M2seq/test/manifest_test/output/2_ShapeMapper/P4P6-noHP/P4P6-noHP.fa with filename
P4P6-noHP bowtie index built successfully at 10:41:3, 10/3.

Starting read quality filtering at at 10:41:3, 10/3
RTB008_S1_L001_R1_001.fastq quality filtered successfully.
RTB008_S1_L001_R2_001.fastq quality filtered successfully.
RTB009_S1_L001_R2_001.fastq quality filtered successfully.
RTB009_S1_L001_R1_001.fastq quality filtered successfully.

Starting sequence alignment at at 10:41:9, 10/3
Sample RTB008 aligned successfully.
Sample RTB008 alignment stats:
    487 reads; of these:
    487 (100.00%) were paired; of these:
    29 (5.95%) aligned concordantly 0 times
    443 (90.97%) aligned concordantly exactly 1 time
    15 (3.08%) aligned concordantly >1 times
    ----
    29 pairs aligned concordantly 0 times; of these:
    4 (13.79%) aligned discordantly 1 time
    ----
    25 pairs aligned 0 times concordantly or discordantly; of these:
    50 mates make up the pairs; of these:
    35 (70.00%) aligned 0 times
    14 (28.00%) aligned exactly 1 time
    1 (2.00%) aligned >1 times
    96.41% overall alignment rate
Sample RTB009 aligned successfully.
Sample RTB009 alignment stats:
    329 reads; of these:
    329 (100.00%) were paired; of these:
    12 (3.65%) aligned concordantly 0 times
    306 (93.01%) aligned concordantly exactly 1 time
    11 (3.34%) aligned concordantly >1 times
    ----
    12 pairs aligned concordantly 0 times; of these:
    0 (0.00%) aligned discordantly 1 time
    ----
    12 pairs aligned 0 times concordantly or discordantly; of these:
    24 mates make up the pairs; of these:
    14 (58.33%) aligned 0 times
    10 (41.67%) aligned exactly 1 time
    0 (0.00%) aligned >1 times
    97.87% overall alignment rate

Starting alignment parsing at at 10:41:13, 10/3
Sample RTB008 alignment parsed successfully.
Sample RTB009 alignment parsed successfully.

Starting mutation counting at at 10:41:16, 10/3
File RTB008_P4P6-noHP.txt mutations counted successfully.
File RTB009_P4P6-noHP.txt mutations counted successfully.

Starting making old-style mutation strings at at 10:41:19, 10/3
File RTB008_P4P6-noHP.txt made old mutation strings successfully.
File RTB009_P4P6-noHP.txt made old mutation strings successfully.

Copying counted mutation csv's rows to columns at at 10:41:22, 10/3

Starting reactivity profile creation at at 10:41:22, 10/3
Pipeline completed at 10:41:22, 10/3.
