Starting filtering
    Filtered /Users/rhiju/Dropbox/ProjectsShared/MaP2D_exp_Ann_data/20160602_MaP_WK/rhiju_reanalysis2017/test/2_ShapeMapper/RTB009_S1_L001_R1_001.fastq and wrote output to /Users/rhiju/Dropbox/ProjectsShared/MaP2D_exp_Ann_data/20160602_MaP_WK/rhiju_reanalysis2017/test/2_ShapeMapper/output/trimmed_reads/RTB009_S1_L001_R1_001.fastq
Filtering complete
